Component: ARM Compiler 5.06 update 1 (build 61) Tool: armlink [4d35a8]

==============================================================================

Section Cross References

    exercise03.o(MyCode) refers to exercise03.o(MyData) for P
    exercise03.o(MyCode) refers to exercise03.o(MyConst) for Const_F
    exercise03.o(RESET) refers to exercise03.o(.ARM.__at_0x1FFFE000) for __initial_sp
    exercise03.o(RESET) refers to exercise03.o(MyCode) for Reset_Handler


==============================================================================

Image Symbol Table

    Local Symbols

    Symbol Name                              Value     Ov Type        Size  Object(Section)

    RESET                                    0x00000000   Section      192  exercise03.o(RESET)
    Exercise03.s                             0x00000000   Number         0  exercise03.o ABSOLUTE
    MyCode                                   0x000000c0   Section      488  exercise03.o(MyCode)
    GoToG                                    0x00000113   Thumb Code     0  exercise03.o(MyCode)
    G1                                       0x00000133   Thumb Code     0  exercise03.o(MyCode)
    G2                                       0x0000013d   Thumb Code     0  exercise03.o(MyCode)
    G3                                       0x00000149   Thumb Code     0  exercise03.o(MyCode)
    GoToH                                    0x0000015d   Thumb Code     0  exercise03.o(MyCode)
    GoToResult                               0x0000019f   Thumb Code     0  exercise03.o(MyCode)
    GoToEnd                                  0x000001cf   Thumb Code     0  exercise03.o(MyCode)
    MyConst                                  0x000002a8   Section       12  exercise03.o(MyConst)
    Const_F                                  0x000002a8   Data           4  exercise03.o(MyConst)
    Const_G                                  0x000002ac   Data           4  exercise03.o(MyConst)
    Const_H                                  0x000002b0   Data           4  exercise03.o(MyConst)
    .ARM.__at_0x1FFFE000                     0x1fffe000   Section      256  exercise03.o(.ARM.__at_0x1FFFE000)
    MyData                                   0x1fffe100   Section       28  exercise03.o(MyData)
    F                                        0x1fffe100   Data           4  exercise03.o(MyData)
    G                                        0x1fffe104   Data           4  exercise03.o(MyData)
    H                                        0x1fffe108   Data           4  exercise03.o(MyData)
    P                                        0x1fffe10c   Data           4  exercise03.o(MyData)
    Q                                        0x1fffe110   Data           4  exercise03.o(MyData)
    R                                        0x1fffe114   Data           4  exercise03.o(MyData)
    Result                                   0x1fffe118   Data           4  exercise03.o(MyData)

    Global Symbols

    Symbol Name                              Value     Ov Type        Size  Object(Section)

    BuildAttributes$$THM_ISAv3M$S$PE$A:L22$X:L11$S22$IEEE1$IW$USESV6$~STKCKD$USESV7$~SHL$OSPACE$EBA8$STANDARDLIB$PRES8$EABIv2 0x00000000   Number         0  anon$$obj.o ABSOLUTE
    __Vectors                                0x00000000   Data           0  exercise03.o(RESET)
    Reset_Handler                            0x000000c1   Thumb Code     0  exercise03.o(MyCode)
    __Vectors_End                            0x000000c0   Data           0  exercise03.o(RESET)
    __Vectors_Size                           0x000000c0   Number         0  exercise03.o ABSOLUTE
    __initial_sp                             0x1fffe100   Data           0  exercise03.o(.ARM.__at_0x1FFFE000)



==============================================================================

Memory Map of the image

  Image Entry point : 0x000000c1

  Load Region LR_IROM1 (Base: 0x00000000, Size: 0x000003d0, Max: 0x00040000, ABSOLUTE)

    Execution Region ER_IROM1 (Base: 0x00000000, Size: 0x000002b4, Max: 0x00040000, ABSOLUTE)

    Base Addr    Size         Type   Attr      Idx    E Section Name        Object

    0x00000000   0x000000c0   Data   RO            2    RESET               exercise03.o
    0x000000c0   0x000001e8   Code   RO            1  * MyCode              exercise03.o
    0x000002a8   0x0000000c   Data   RO            3    MyConst             exercise03.o


    Execution Region RW_IRAM1 (Base: 0x1fffe000, Size: 0x0000011c, Max: 0x00008000, ABSOLUTE)

    Base Addr    Size         Type   Attr      Idx    E Section Name        Object

    0x1fffe000   0x00000100   Data   RW            4    .ARM.__at_0x1FFFE000  exercise03.o
    0x1fffe100   0x0000001c   Data   RW            5    MyData              exercise03.o


==============================================================================

Image component sizes


      Code (inc. data)   RO Data    RW Data    ZI Data      Debug   Object Name

       488        122        204        284          0        412   exercise03.o

    ----------------------------------------------------------------------
       488        122        204        284          0        412   Object Totals
         0          0          0          0          0          0   (incl. Generated)
         0          0          0          0          0          0   (incl. Padding)

    ----------------------------------------------------------------------
         0          0          0          0          0          0   Library Totals
         0          0          0          0          0          0   (incl. Padding)

    ----------------------------------------------------------------------

==============================================================================


      Code (inc. data)   RO Data    RW Data    ZI Data      Debug   

       488        122        204        284          0        412   Grand Totals
       488        122        204        284          0        412   ELF Image Totals
       488        122        204        284          0          0   ROM Totals

==============================================================================

    Total RO  Size (Code + RO Data)                  692 (   0.68kB)
    Total RW  Size (RW Data + ZI Data)               284 (   0.28kB)
    Total ROM Size (Code + RO Data + RW Data)        976 (   0.95kB)

==============================================================================

