Component: ARM Compiler 5.05 update 2 (build 169) Tool: armlink [4d0f33]

==============================================================================

Section Cross References

    exercise06.o(MyCode) refers to start.o(Start) for Startup
    exercise06.o(MyCode) refers to exercise06.o(MyData) for StartingPoint
    exercise06.o(MyCode) refers to exercise06.o(MyConst) for MainString
    exercise06.o(RESET) refers to start.o(.ARM.__at_0x1FFFE000) for __initial_sp
    exercise06.o(RESET) refers to exercise06.o(MyCode) for Reset_Handler
    exercise06.o(RESET) refers to start.o(Start) for Dummy_Handler


==============================================================================

Image Symbol Table

    Local Symbols

    Symbol Name                              Value     Ov Type        Size  Object(Section)

    RESET                                    0x00000000   Section      192  exercise06.o(RESET)
    Exercise06.s                             0x00000000   Number         0  exercise06.o ABSOLUTE
    Start.s                                  0x00000000   Number         0  start.o ABSOLUTE
    .ARM.__at_0xC0                           0x000000c0   Section       64  start.o(.ARM.__at_0xC0)
    MyCode                                   0x00000100   Section      612  exercise06.o(MyCode)
    MyConst                                  0x00000364   Section       44  exercise06.o(MyConst)
    MainString                               0x00000364   Data          32  exercise06.o(MyConst)
    LengthString                             0x00000388   Data           8  exercise06.o(MyConst)
    .ARM.__at_0x400                          0x00000400   Section       16  start.o(.ARM.__at_0x400)
    Start                                    0x00000410   Section      260  start.o(Start)
    .ARM.__at_0x1FFFE000                     0x1fffe000   Section      256  start.o(.ARM.__at_0x1FFFE000)
    MyData                                   0x1fffe100   Section      316  exercise06.o(MyData)
    StartingPoint                            0x1fffe100   Data         316  exercise06.o(MyData)

    Global Symbols

    Symbol Name                              Value     Ov Type        Size  Object(Section)

    BuildAttributes$$THM_ISAv3M$S$PE$A:L22$X:L11$S22$IEEE1$IW$USESV6$~STKCKD$USESV7$~SHL$OSPACE$EBA8$STANDARDLIB$EABIv2 0x00000000   Number         0  anon$$obj.o ABSOLUTE
    __Vectors                                0x00000000   Data           0  exercise06.o(RESET)
    __Vectors_End                            0x000000c0   Data           0  exercise06.o(RESET)
    __Vectors_Size                           0x000000c0   Number         0  exercise06.o ABSOLUTE
    Reset_Handler                            0x00000101   Thumb Code     0  exercise06.o(MyCode)
    Startup                                  0x00000411   Thumb Code     0  start.o(Start)
    Dummy_Handler                            0x000004f1   Thumb Code     0  start.o(Start)
    __initial_sp                             0x1fffe100   Data           0  start.o(.ARM.__at_0x1FFFE000)



==============================================================================

Memory Map of the image

  Image Entry point : 0x00000101

  Load Region LR_IROM1 (Base: 0x00000000, Size: 0x00000750, Max: 0x00040000, ABSOLUTE)

    Execution Region ER_IROM1 (Base: 0x00000000, Size: 0x00000514, Max: 0x00040000, ABSOLUTE)

    Base Addr    Size         Type   Attr      Idx    E Section Name        Object

    0x00000000   0x000000c0   Data   RO            2    RESET               exercise06.o
    0x000000c0   0x00000040   Data   RO           10    .ARM.__at_0xC0      start.o
    0x00000100   0x00000264   Code   RO            1  * MyCode              exercise06.o
    0x00000364   0x0000002c   Data   RO            3    MyConst             exercise06.o
    0x00000390   0x00000070   PAD
    0x00000400   0x00000010   Code   RO           11    .ARM.__at_0x400     start.o
    0x00000410   0x00000104   Code   RO            9    Start               start.o


    Execution Region RW_IRAM1 (Base: 0x1fffe000, Size: 0x0000023c, Max: 0x00008000, ABSOLUTE)

    Base Addr    Size         Type   Attr      Idx    E Section Name        Object

    0x1fffe000   0x00000100   Data   RW           12    .ARM.__at_0x1FFFE000  start.o
    0x1fffe100   0x0000013c   Data   RW            4    MyData              exercise06.o


==============================================================================

Image component sizes


      Code (inc. data)   RO Data    RW Data    ZI Data      Debug   Object Name

       612         84        236        316          0        484   exercise06.o
       276         50         64        256          0        476   start.o

    ----------------------------------------------------------------------
       888        134        412        572          0        960   Object Totals
         0          0          0          0          0          0   (incl. Generated)
         0          0        112          0          0          0   (incl. Padding)

    ----------------------------------------------------------------------
         0          0          0          0          0          0   Library Totals
         0          0          0          0          0          0   (incl. Padding)

    ----------------------------------------------------------------------

==============================================================================


      Code (inc. data)   RO Data    RW Data    ZI Data      Debug   

       888        134        412        572          0        960   Grand Totals
       888        134        412        572          0        960   ELF Image Totals
       888        134        412        572          0          0   ROM Totals

==============================================================================

    Total RO  Size (Code + RO Data)                 1300 (   1.27kB)
    Total RW  Size (RW Data + ZI Data)               572 (   0.56kB)
    Total ROM Size (Code + RO Data + RW Data)       1872 (   1.83kB)

==============================================================================

