Component: ARM Compiler 5.05 update 2 (build 169) Tool: armlink [4d0f33]

==============================================================================

Section Cross References

    exercise10.o(MyCode) refers to start.o(Start) for Startup
    exercise10.o(MyCode) refers to exercise10.o(MyData) for RunStopWatch
    exercise10.o(MyCode) refers to exercise10.o(MyConst) for AccessCodePrompt
    exercise10.o(RESET) refers to start.o(.ARM.__at_0x1FFFE000) for __initial_sp
    exercise10.o(RESET) refers to exercise10.o(MyCode) for Reset_Handler
    exercise10.o(RESET) refers to start.o(Start) for Dummy_Handler


==============================================================================

Image Symbol Table

    Local Symbols

    Symbol Name                              Value     Ov Type        Size  Object(Section)

    RESET                                    0x00000000   Section      192  exercise10.o(RESET)
    Exercise10.s                             0x00000000   Number         0  exercise10.o ABSOLUTE
    Start.s                                  0x00000000   Number         0  start.o ABSOLUTE
    .ARM.__at_0xC0                           0x000000c0   Section       64  start.o(.ARM.__at_0xC0)
    Start                                    0x00000100   Section      260  start.o(Start)
    MyConst                                  0x00000204   Section       96  exercise10.o(MyConst)
    TimeString                               0x00000204   Data          10  exercise10.o(MyConst)
    AccessCodePrompt                         0x0000020e   Data          23  exercise10.o(MyConst)
    Granted                                  0x00000225   Data          17  exercise10.o(MyConst)
    Denied                                   0x00000236   Data          16  exercise10.o(MyConst)
    Mission_Completed                        0x00000246   Data          19  exercise10.o(MyConst)
    AccessCode                               0x00000259   Data           9  exercise10.o(MyConst)
    .ARM.__at_0x400                          0x00000400   Section       16  start.o(.ARM.__at_0x400)
    MyCode                                   0x00000410   Section     1216  exercise10.o(MyCode)
    PIT_ISR                                  0x00000531   Thumb Code     0  exercise10.o(MyCode)
    UART0_ISR                                0x0000054f   Thumb Code     0  exercise10.o(MyCode)
    .ARM.__at_0x1FFFE000                     0x1fffe000   Section      256  start.o(.ARM.__at_0x1FFFE000)
    MyData                                   0x1fffe100   Section      316  exercise10.o(MyData)
    RxQueue                                  0x1fffe100   Data          80  exercise10.o(MyData)
    RxQueueRecord                            0x1fffe150   Data          18  exercise10.o(MyData)
    TxQueue                                  0x1fffe164   Data          80  exercise10.o(MyData)
    TxQueueRecord                            0x1fffe1b4   Data          18  exercise10.o(MyData)
    RunStopWatch                             0x1fffe1e4   Data           1  exercise10.o(MyData)
    Count                                    0x1fffe1e8   Data           2  exercise10.o(MyData)
    InputString                              0x1fffe1ec   Data          79  exercise10.o(MyData)

    Global Symbols

    Symbol Name                              Value     Ov Type        Size  Object(Section)

    BuildAttributes$$THM_ISAv3M$S$PE$A:L22$X:L11$S22$IEEE1$IW$USESV6$~STKCKD$USESV7$~SHL$OSPACE$EBA8$STANDARDLIB$EABIv2 0x00000000   Number         0  anon$$obj.o ABSOLUTE
    __Vectors                                0x00000000   Data           0  exercise10.o(RESET)
    __Vectors_End                            0x000000c0   Data           0  exercise10.o(RESET)
    __Vectors_Size                           0x000000c0   Number         0  exercise10.o ABSOLUTE
    Startup                                  0x00000101   Thumb Code     0  start.o(Start)
    Dummy_Handler                            0x000001e1   Thumb Code     0  start.o(Start)
    Reset_Handler                            0x00000411   Thumb Code     0  exercise10.o(MyCode)
    __initial_sp                             0x1fffe100   Data           0  start.o(.ARM.__at_0x1FFFE000)



==============================================================================

Memory Map of the image

  Image Entry point : 0x00000411

  Load Region LR_1 (Base: 0x00000000, Size: 0x00000b0c, Max: 0xffffffff, ABSOLUTE)

    Execution Region ER_RO (Base: 0x00000000, Size: 0x000008d0, Max: 0xffffffff, ABSOLUTE)

    Base Addr    Size         Type   Attr      Idx    E Section Name        Object

    0x00000000   0x000000c0   Data   RO            2    RESET               exercise10.o
    0x000000c0   0x00000040   Data   RO           10    .ARM.__at_0xC0      start.o
    0x00000100   0x00000104   Code   RO            9    Start               start.o
    0x00000204   0x00000060   Data   RO            3    MyConst             exercise10.o
    0x00000264   0x0000019c   PAD
    0x00000400   0x00000010   Code   RO           11    .ARM.__at_0x400     start.o
    0x00000410   0x000004c0   Code   RO            1  * MyCode              exercise10.o


    Execution Region ER_RW (Base: 0x1fffe000, Size: 0x0000023c, Max: 0xffffffff, ABSOLUTE)

    Base Addr    Size         Type   Attr      Idx    E Section Name        Object

    0x1fffe000   0x00000100   Data   RW           12    .ARM.__at_0x1FFFE000  start.o
    0x1fffe100   0x0000013c   Data   RW            4    MyData              exercise10.o


    Execution Region ER_ZI (Base: 0x1fffe23c, Size: 0x00000000, Max: 0xffffffff, ABSOLUTE)

    **** No section assigned to this execution region ****


==============================================================================

Image component sizes


      Code (inc. data)   RO Data    RW Data    ZI Data      Debug   Object Name

      1216        212        288        316          0        720   exercise10.o
       276         50         64        256          0        476   start.o

    ----------------------------------------------------------------------
      1492        262        764        572          0       1196   Object Totals
         0          0          0          0          0          0   (incl. Generated)
         0          0        412          0          0          0   (incl. Padding)

    ----------------------------------------------------------------------
         0          0          0          0          0          0   Library Totals
         0          0          0          0          0          0   (incl. Padding)

    ----------------------------------------------------------------------

==============================================================================


      Code (inc. data)   RO Data    RW Data    ZI Data      Debug   

      1492        262        764        572          0       1196   Grand Totals
      1492        262        764        572          0       1196   ELF Image Totals
      1492        262        764        572          0          0   ROM Totals

==============================================================================

    Total RO  Size (Code + RO Data)                 2256 (   2.20kB)
    Total RW  Size (RW Data + ZI Data)               572 (   0.56kB)
    Total ROM Size (Code + RO Data + RW Data)       2828 (   2.76kB)

==============================================================================

