Component: ARM Compiler 5.05 update 2 (build 169) Tool: armlink [4d0f33]

==============================================================================

Section Cross References

    exercise07fixed.o(MyCode) refers to start.o(Start) for Startup
    exercise07fixed.o(MyCode) refers to exercise07fixed.o(MyData) for QBUFFER
    exercise07fixed.o(MyCode) refers to exercise07fixed.o(MyConst) for MainString
    exercise07fixed.o(RESET) refers to start.o(.ARM.__at_0x1FFFE000) for __initial_sp
    exercise07fixed.o(RESET) refers to exercise07fixed.o(MyCode) for Reset_Handler
    exercise07fixed.o(RESET) refers to start.o(Start) for Dummy_Handler


==============================================================================

Image Symbol Table

    Local Symbols

    Symbol Name                              Value     Ov Type        Size  Object(Section)

    RESET                                    0x00000000   Section      192  exercise07fixed.o(RESET)
    Exercise07Fixed.s                        0x00000000   Number         0  exercise07fixed.o ABSOLUTE
    Start.s                                  0x00000000   Number         0  start.o ABSOLUTE
    .ARM.__at_0xC0                           0x000000c0   Section       64  start.o(.ARM.__at_0xC0)
    Start                                    0x00000100   Section      260  start.o(Start)
    MyConst                                  0x00000204   Section      176  exercise07fixed.o(MyConst)
    MainString                               0x00000204   Data          34  exercise07fixed.o(MyConst)
    FailureString                            0x00000226   Data           9  exercise07fixed.o(MyConst)
    InString                                 0x0000022f   Data           6  exercise07fixed.o(MyConst)
    OutString                                0x00000235   Data           7  exercise07fixed.o(MyConst)
    NumString                                0x0000023c   Data           5  exercise07fixed.o(MyConst)
    SuccessString                            0x00000241   Data           9  exercise07fixed.o(MyConst)
    TabString                                0x0000024a   Data           8  exercise07fixed.o(MyConst)
    TabString2                               0x00000252   Data           4  exercise07fixed.o(MyConst)
    StatusString                             0x00000256   Data          12  exercise07fixed.o(MyConst)
    eString                                  0x00000262   Data          22  exercise07fixed.o(MyConst)
    HelpString                               0x00000278   Data          58  exercise07fixed.o(MyConst)
    .ARM.__at_0x400                          0x00000400   Section       16  start.o(.ARM.__at_0x400)
    MyCode                                   0x00000410   Section     1192  exercise07fixed.o(MyCode)
    .ARM.__at_0x1FFFE000                     0x1fffe000   Section      256  start.o(.ARM.__at_0x1FFFE000)
    MyData                                   0x1fffe100   Section       24  exercise07fixed.o(MyData)
    QBUFFER                                  0x1fffe100   Data           4  exercise07fixed.o(MyData)
    QRECORD                                  0x1fffe104   Data          17  exercise07fixed.o(MyData)

    Global Symbols

    Symbol Name                              Value     Ov Type        Size  Object(Section)

    BuildAttributes$$THM_ISAv3M$S$PE$A:L22$X:L11$S22$IEEE1$IW$USESV6$~STKCKD$USESV7$~SHL$OSPACE$EBA8$STANDARDLIB$EABIv2 0x00000000   Number         0  anon$$obj.o ABSOLUTE
    __Vectors                                0x00000000   Data           0  exercise07fixed.o(RESET)
    __Vectors_End                            0x000000c0   Data           0  exercise07fixed.o(RESET)
    __Vectors_Size                           0x000000c0   Number         0  exercise07fixed.o ABSOLUTE
    Startup                                  0x00000101   Thumb Code     0  start.o(Start)
    Dummy_Handler                            0x000001e1   Thumb Code     0  start.o(Start)
    Reset_Handler                            0x00000411   Thumb Code     0  exercise07fixed.o(MyCode)
    __initial_sp                             0x1fffe100   Data           0  start.o(.ARM.__at_0x1FFFE000)



==============================================================================

Memory Map of the image

  Image Entry point : 0x00000411

  Load Region LR_IROM1 (Base: 0x00000000, Size: 0x000009d0, Max: 0x00040000, ABSOLUTE)

    Execution Region ER_IROM1 (Base: 0x00000000, Size: 0x000008b8, Max: 0x00040000, ABSOLUTE)

    Base Addr    Size         Type   Attr      Idx    E Section Name        Object

    0x00000000   0x000000c0   Data   RO            2    RESET               exercise07fixed.o
    0x000000c0   0x00000040   Data   RO           10    .ARM.__at_0xC0      start.o
    0x00000100   0x00000104   Code   RO            9    Start               start.o
    0x00000204   0x000000b0   Data   RO            3    MyConst             exercise07fixed.o
    0x000002b4   0x0000014c   PAD
    0x00000400   0x00000010   Code   RO           11    .ARM.__at_0x400     start.o
    0x00000410   0x000004a8   Code   RO            1  * MyCode              exercise07fixed.o


    Execution Region RW_IRAM1 (Base: 0x1fffe000, Size: 0x00000118, Max: 0x00008000, ABSOLUTE)

    Base Addr    Size         Type   Attr      Idx    E Section Name        Object

    0x1fffe000   0x00000100   Data   RW           12    .ARM.__at_0x1FFFE000  start.o
    0x1fffe100   0x00000018   Data   RW            4    MyData              exercise07fixed.o


==============================================================================

Image component sizes


      Code (inc. data)   RO Data    RW Data    ZI Data      Debug   Object Name

      1192        150        368         24          0        724   exercise07fixed.o
       276         50         64        256          0        484   start.o

    ----------------------------------------------------------------------
      1468        200        764        280          0       1208   Object Totals
         0          0          0          0          0          0   (incl. Generated)
         0          0        332          0          0          0   (incl. Padding)

    ----------------------------------------------------------------------
         0          0          0          0          0          0   Library Totals
         0          0          0          0          0          0   (incl. Padding)

    ----------------------------------------------------------------------

==============================================================================


      Code (inc. data)   RO Data    RW Data    ZI Data      Debug   

      1468        200        764        280          0       1208   Grand Totals
      1468        200        764        280          0       1208   ELF Image Totals
      1468        200        764        280          0          0   ROM Totals

==============================================================================

    Total RO  Size (Code + RO Data)                 2232 (   2.18kB)
    Total RW  Size (RW Data + ZI Data)               280 (   0.27kB)
    Total ROM Size (Code + RO Data + RW Data)       2512 (   2.45kB)

==============================================================================

