<!doctype html public "-//w3c//dtd html 4.0 transitional//en">
<html><head>
<title>Static Call Graph - [.\Objects\Exercise04.axf]</title></head>
<body><HR>
<H1>Static Call Graph for image .\Objects\Exercise04.axf</H1><HR>
<BR><P>#&#060CALLGRAPH&#062# ARM Linker, 5060061: Last Updated: Mon Feb 22 18:32:20 2016
<BR><P>
<H3>Maximum Stack Usage =          0 bytes + Unknown(Functions without stacksize, Untraceable Function Pointers)</H3><H3>
Call chain for Maximum Stack Depth:</H3>

<P>
<H3>
Functions with no stack information
</H3><UL>
 <LI><a href="#[1]">Reset_Handler</a>
 <LI><a href="#[2]">InitData</a>
 <LI><a href="#[3]">LoadData</a>
 <LI><a href="#[4]">TestData</a>
</UL>
</UL>
<P>
<H3>
Function Pointers
</H3><UL>
 <LI><a href="#[1]">Reset_Handler</a> from exercise04.o(MyCode) referenced from exercise04.o(RESET)
</UL>
<P>
<H3>
Global Symbols
</H3>
<P><STRONG><a name="[1]"></a>Reset_Handler</STRONG> (Thumb, 0 bytes, Stack size unknown bytes, exercise04.o(MyCode))
<BR><BR>[Calls]<UL><LI><a href="#[4]">&gt;&gt;</a>&nbsp;&nbsp;&nbsp;TestData
<LI><a href="#[3]">&gt;&gt;</a>&nbsp;&nbsp;&nbsp;LoadData
<LI><a href="#[2]">&gt;&gt;</a>&nbsp;&nbsp;&nbsp;InitData
</UL>
<P>
<H3>
Local Symbols
</H3>
<P><STRONG><a name="[2]"></a>InitData</STRONG> (Thumb, 4 bytes, Stack size unknown bytes, exercise04.o(.ARM.__at_0x4000))
<BR><BR>[Called By]<UL><LI><a href="#[1]">&gt;&gt;</a>&nbsp;&nbsp;&nbsp;Reset_Handler
</UL>

<P><STRONG><a name="[3]"></a>LoadData</STRONG> (Thumb, 4 bytes, Stack size unknown bytes, exercise04.o(.ARM.__at_0x4000))
<BR><BR>[Called By]<UL><LI><a href="#[1]">&gt;&gt;</a>&nbsp;&nbsp;&nbsp;Reset_Handler
</UL>

<P><STRONG><a name="[4]"></a>TestData</STRONG> (Thumb, 4 bytes, Stack size unknown bytes, exercise04.o(.ARM.__at_0x4000))
<BR><BR>[Called By]<UL><LI><a href="#[1]">&gt;&gt;</a>&nbsp;&nbsp;&nbsp;Reset_Handler
</UL>
<P>
<H3>
Undefined Global Symbols
</H3><HR></body></html>
