Component: ARM Compiler 5.06 update 1 (build 61) Tool: armlink [4d35a8]

==============================================================================

Section Cross References

    exercise04.o(MyCode) refers to exercise04.o(.ARM.__at_0x4000) for InitData
    exercise04.o(MyCode) refers to exercise04.o(MyData) for P
    exercise04.o(.ARM.__at_0x4000) refers to exercise04.o(MyData) for P
    exercise04.o(RESET) refers to exercise04.o(.ARM.__at_0x1FFFE000) for __initial_sp
    exercise04.o(RESET) refers to exercise04.o(MyCode) for Reset_Handler


==============================================================================

Removing Unused input sections from the image.

    Removing exercise04.o(MyConst), (0 bytes).

1 unused section(s) (total 0 bytes) removed from the image.

==============================================================================

Image Symbol Table

    Local Symbols

    Symbol Name                              Value     Ov Type        Size  Object(Section)

    RESET                                    0x00000000   Section      192  exercise04.o(RESET)
    Exercise04.s                             0x00000000   Number         0  exercise04.o ABSOLUTE
    MyCode                                   0x000000c0   Section      148  exercise04.o(MyCode)
    .ARM.__at_0x4000                         0x00004000   Section      420  exercise04.o(.ARM.__at_0x4000)
    InitData                                 0x00004001   Thumb Code     4  exercise04.o(.ARM.__at_0x4000)
    LoadData                                 0x00004007   Thumb Code     4  exercise04.o(.ARM.__at_0x4000)
    TestData                                 0x0000402d   Thumb Code     4  exercise04.o(.ARM.__at_0x4000)
    .ARM.__at_0x1FFFE000                     0x1fffe000   Section      256  exercise04.o(.ARM.__at_0x1FFFE000)
    MyData                                   0x1fffe100   Section      208  exercise04.o(MyData)
    P                                        0x1fffe100   Data           4  exercise04.o(MyData)
    Q                                        0x1fffe104   Data           4  exercise04.o(MyData)
    Results                                  0x1fffe108   Data         200  exercise04.o(MyData)

    Global Symbols

    Symbol Name                              Value     Ov Type        Size  Object(Section)

    BuildAttributes$$THM_ISAv3M$S$PE$A:L22$X:L11$S22$IEEE1$IW$USESV6$~STKCKD$USESV7$~SHL$OSPACE$EBA8$STANDARDLIB$EABIv2 0x00000000   Number         0  anon$$obj.o ABSOLUTE
    __Vectors                                0x00000000   Data           0  exercise04.o(RESET)
    Reset_Handler                            0x000000c1   Thumb Code     0  exercise04.o(MyCode)
    __Vectors_End                            0x000000c0   Data           0  exercise04.o(RESET)
    __Vectors_Size                           0x000000c0   Number         0  exercise04.o ABSOLUTE
    __initial_sp                             0x1fffe100   Data           0  exercise04.o(.ARM.__at_0x1FFFE000)



==============================================================================

Memory Map of the image

  Image Entry point : 0x000000c1

  Load Region LR_IROM1 (Base: 0x00000000, Size: 0x00004374, Max: 0x00040000, ABSOLUTE)

    Execution Region ER_IROM1 (Base: 0x00000000, Size: 0x000041a4, Max: 0x00040000, ABSOLUTE)

    Base Addr    Size         Type   Attr      Idx    E Section Name        Object

    0x00000000   0x000000c0   Data   RO            3    RESET               exercise04.o
    0x000000c0   0x00000094   Code   RO            1  * MyCode              exercise04.o
    0x00000154   0x00003eac   PAD
    0x00004000   0x000001a4   Code   RO            2    .ARM.__at_0x4000    exercise04.o


    Execution Region RW_IRAM1 (Base: 0x1fffe000, Size: 0x000001d0, Max: 0x00008000, ABSOLUTE)

    Base Addr    Size         Type   Attr      Idx    E Section Name        Object

    0x1fffe000   0x00000100   Data   RW            5    .ARM.__at_0x1FFFE000  exercise04.o
    0x1fffe100   0x000000d0   Data   RW            6    MyData              exercise04.o


==============================================================================

Image component sizes


      Code (inc. data)   RO Data    RW Data    ZI Data      Debug   Object Name

       568        358        192        464          0        500   exercise04.o

    ----------------------------------------------------------------------
     16612      16402        192        464          0        500   Object Totals
         0          0          0          0          0          0   (incl. Generated)
     16044      16044          0          0          0          0   (incl. Padding)

    ----------------------------------------------------------------------
         0          0          0          0          0          0   Library Totals
         0          0          0          0          0          0   (incl. Padding)

    ----------------------------------------------------------------------

==============================================================================


      Code (inc. data)   RO Data    RW Data    ZI Data      Debug   

     16612      16402        192        464          0        500   Grand Totals
     16612      16402        192        464          0        500   ELF Image Totals
     16612      16402        192        464          0          0   ROM Totals

==============================================================================

    Total RO  Size (Code + RO Data)                16804 (  16.41kB)
    Total RW  Size (RW Data + ZI Data)               464 (   0.45kB)
    Total ROM Size (Code + RO Data + RW Data)      17268 (  16.86kB)

==============================================================================

