<!doctype html public "-//w3c//dtd html 4.0 transitional//en">
<html><head>
<title>Static Call Graph - [.\Objects\Exercise03.axf]</title></head>
<body><HR>
<H1>Static Call Graph for image .\Objects\Exercise03.axf</H1><HR>
<BR><P>#&#060CALLGRAPH&#062# ARM Linker, 5060061: Last Updated: Wed Feb 17 12:25:00 2016
<BR><P>
<H3>Maximum Stack Usage =          0 bytes + Unknown(Functions without stacksize, Untraceable Function Pointers)</H3><H3>
Call chain for Maximum Stack Depth:</H3>

<P>
<H3>
Functions with no stack information
</H3><UL>
 <LI><a href="#[8]">Reset_Handler</a>
 <LI><a href="#[1]">GoToG</a>
 <LI><a href="#[5]">G1</a>
 <LI><a href="#[6]">G2</a>
 <LI><a href="#[7]">G3</a>
 <LI><a href="#[4]">GoToH</a>
 <LI><a href="#[2]">GoToResult</a>
 <LI><a href="#[3]">GoToEnd</a>
</UL>
</UL>
<P>
<H3>
Function Pointers
</H3><UL>
 <LI><a href="#[5]">G1</a> from exercise03.o(MyCode) referenced from exercise03.o(MyCode)
 <LI><a href="#[6]">G2</a> from exercise03.o(MyCode) referenced from exercise03.o(MyCode)
 <LI><a href="#[7]">G3</a> from exercise03.o(MyCode) referenced from exercise03.o(MyCode)
 <LI><a href="#[3]">GoToEnd</a> from exercise03.o(MyCode) referenced from exercise03.o(MyCode)
 <LI><a href="#[1]">GoToG</a> from exercise03.o(MyCode) referenced from exercise03.o(MyCode)
 <LI><a href="#[4]">GoToH</a> from exercise03.o(MyCode) referenced from exercise03.o(MyCode)
 <LI><a href="#[2]">GoToResult</a> from exercise03.o(MyCode) referenced from exercise03.o(MyCode)
 <LI><a href="#[8]">Reset_Handler</a> from exercise03.o(MyCode) referenced from exercise03.o(RESET)
</UL>
<P>
<H3>
Global Symbols
</H3>
<P><STRONG><a name="[8]"></a>Reset_Handler</STRONG> (Thumb, 0 bytes, Stack size unknown bytes, exercise03.o(MyCode))
<P>
<H3>
Local Symbols
</H3>
<P><STRONG><a name="[1]"></a>GoToG</STRONG> (Thumb, 0 bytes, Stack size unknown bytes, exercise03.o(MyCode))
<BR>[Address Reference Count : 1]<UL><LI> exercise03.o(MyCode)
</UL>
<P><STRONG><a name="[5]"></a>G1</STRONG> (Thumb, 0 bytes, Stack size unknown bytes, exercise03.o(MyCode))
<BR>[Address Reference Count : 1]<UL><LI> exercise03.o(MyCode)
</UL>
<P><STRONG><a name="[6]"></a>G2</STRONG> (Thumb, 0 bytes, Stack size unknown bytes, exercise03.o(MyCode))
<BR>[Address Reference Count : 1]<UL><LI> exercise03.o(MyCode)
</UL>
<P><STRONG><a name="[7]"></a>G3</STRONG> (Thumb, 0 bytes, Stack size unknown bytes, exercise03.o(MyCode))
<BR>[Address Reference Count : 1]<UL><LI> exercise03.o(MyCode)
</UL>
<P><STRONG><a name="[4]"></a>GoToH</STRONG> (Thumb, 0 bytes, Stack size unknown bytes, exercise03.o(MyCode))
<BR>[Address Reference Count : 1]<UL><LI> exercise03.o(MyCode)
</UL>
<P><STRONG><a name="[2]"></a>GoToResult</STRONG> (Thumb, 0 bytes, Stack size unknown bytes, exercise03.o(MyCode))
<BR>[Address Reference Count : 1]<UL><LI> exercise03.o(MyCode)
</UL>
<P><STRONG><a name="[3]"></a>GoToEnd</STRONG> (Thumb, 0 bytes, Stack size unknown bytes, exercise03.o(MyCode))
<BR>[Address Reference Count : 1]<UL><LI> exercise03.o(MyCode)
</UL><P>
<H3>
Undefined Global Symbols
</H3><HR></body></html>
