Component: ARM Compiler 5.05 update 2 (build 169) Tool: armlink [4d0f33]

==============================================================================

Section Cross References

    exercise05.o(MyCode) refers to start.o(Start) for Startup
    exercise05.o(RESET) refers to start.o(.ARM.__at_0x1FFFE000) for __initial_sp
    exercise05.o(RESET) refers to exercise05.o(MyCode) for Reset_Handler
    exercise05.o(RESET) refers to start.o(Start) for Dummy_Handler


==============================================================================

Removing Unused input sections from the image.

    Removing exercise05.o(MyConst), (0 bytes).
    Removing exercise05.o(MyData), (0 bytes).

2 unused section(s) (total 0 bytes) removed from the image.

==============================================================================

Image Symbol Table

    Local Symbols

    Symbol Name                              Value     Ov Type        Size  Object(Section)

    RESET                                    0x00000000   Section      192  exercise05.o(RESET)
    Exercise05.s                             0x00000000   Number         0  exercise05.o ABSOLUTE
    Start.s                                  0x00000000   Number         0  start.o ABSOLUTE
    .ARM.__at_0xC0                           0x000000c0   Section       64  start.o(.ARM.__at_0xC0)
    MyCode                                   0x00000100   Section      224  exercise05.o(MyCode)
    Start                                    0x000001e0   Section      260  start.o(Start)
    .ARM.__at_0x400                          0x00000400   Section       16  start.o(.ARM.__at_0x400)
    .ARM.__at_0x1FFFE000                     0x1fffe000   Section      256  start.o(.ARM.__at_0x1FFFE000)

    Global Symbols

    Symbol Name                              Value     Ov Type        Size  Object(Section)

    BuildAttributes$$THM_ISAv3M$S$PE$A:L22$X:L11$S22$IEEE1$IW$USESV6$~STKCKD$USESV7$~SHL$OSPACE$EBA8$STANDARDLIB$EABIv2 0x00000000   Number         0  anon$$obj.o ABSOLUTE
    __Vectors                                0x00000000   Data           0  exercise05.o(RESET)
    __Vectors_End                            0x000000c0   Data           0  exercise05.o(RESET)
    __Vectors_Size                           0x000000c0   Number         0  exercise05.o ABSOLUTE
    Reset_Handler                            0x00000101   Thumb Code     0  exercise05.o(MyCode)
    Startup                                  0x000001e1   Thumb Code     0  start.o(Start)
    Dummy_Handler                            0x000002c1   Thumb Code     0  start.o(Start)
    __initial_sp                             0x1fffe100   Data           0  start.o(.ARM.__at_0x1FFFE000)



==============================================================================

Memory Map of the image

  Image Entry point : 0x00000101

  Load Region LR_IROM1 (Base: 0x00000000, Size: 0x00000510, Max: 0x00040000, ABSOLUTE)

    Execution Region ER_IROM1 (Base: 0x00000000, Size: 0x00000410, Max: 0x00040000, ABSOLUTE)

    Base Addr    Size         Type   Attr      Idx    E Section Name        Object

    0x00000000   0x000000c0   Data   RO            2    RESET               exercise05.o
    0x000000c0   0x00000040   Data   RO           10    .ARM.__at_0xC0      start.o
    0x00000100   0x000000e0   Code   RO            1  * MyCode              exercise05.o
    0x000001e0   0x00000104   Code   RO            9    Start               start.o
    0x000002e4   0x0000011c   PAD
    0x00000400   0x00000010   Code   RO           11    .ARM.__at_0x400     start.o


    Execution Region RW_IRAM1 (Base: 0x1fffe000, Size: 0x00000100, Max: 0x00008000, ABSOLUTE)

    Base Addr    Size         Type   Attr      Idx    E Section Name        Object

    0x1fffe000   0x00000100   Data   RW           12    .ARM.__at_0x1FFFE000  start.o


==============================================================================

Image component sizes


      Code (inc. data)   RO Data    RW Data    ZI Data      Debug   Object Name

       224         52        192          0          0        300   exercise05.o
       276         50         64        256          0        452   start.o

    ----------------------------------------------------------------------
       784        386        256        256          0        752   Object Totals
         0          0          0          0          0          0   (incl. Generated)
       284        284          0          0          0          0   (incl. Padding)

    ----------------------------------------------------------------------
         0          0          0          0          0          0   Library Totals
         0          0          0          0          0          0   (incl. Padding)

    ----------------------------------------------------------------------

==============================================================================


      Code (inc. data)   RO Data    RW Data    ZI Data      Debug   

       784        386        256        256          0        752   Grand Totals
       784        386        256        256          0        752   ELF Image Totals
       784        386        256        256          0          0   ROM Totals

==============================================================================

    Total RO  Size (Code + RO Data)                 1040 (   1.02kB)
    Total RW  Size (RW Data + ZI Data)               256 (   0.25kB)
    Total ROM Size (Code + RO Data + RW Data)       1296 (   1.27kB)

==============================================================================

