Component: ARM Compiler 5.05 update 2 (build 169) Tool: armlink [4d0f33]

==============================================================================

Section Cross References

    exercise09.o(MyCode) refers to start.o(Start) for Startup
    exercise09.o(MyCode) refers to exercise09.o(MyData) for Queue
    exercise09.o(MyCode) refers to exercise09.o(MyConst) for MainString
    exercise09.o(RESET) refers to start.o(.ARM.__at_0x1FFFE000) for __initial_sp
    exercise09.o(RESET) refers to exercise09.o(MyCode) for Reset_Handler
    exercise09.o(RESET) refers to start.o(Start) for Dummy_Handler


==============================================================================

Image Symbol Table

    Local Symbols

    Symbol Name                              Value     Ov Type        Size  Object(Section)

    RESET                                    0x00000000   Section      192  exercise09.o(RESET)
    Exercise09.s                             0x00000000   Number         0  exercise09.o ABSOLUTE
    Start.s                                  0x00000000   Number         0  start.o ABSOLUTE
    .ARM.__at_0xC0                           0x000000c0   Section       64  start.o(.ARM.__at_0xC0)
    Start                                    0x00000100   Section      260  start.o(Start)
    MyConst                                  0x00000204   Section      196  exercise09.o(MyConst)
    MainString                               0x00000204   Data          38  exercise09.o(MyConst)
    eString                                  0x0000022a   Data          23  exercise09.o(MyConst)
    HelpString                               0x00000241   Data          58  exercise09.o(MyConst)
    SuccessString                            0x0000027b   Data          10  exercise09.o(MyConst)
    FailureString                            0x00000285   Data          10  exercise09.o(MyConst)
    InString                                 0x00000298   Data           7  exercise09.o(MyConst)
    OutString                                0x0000029f   Data           8  exercise09.o(MyConst)
    NumString                                0x000002a7   Data           6  exercise09.o(MyConst)
    TabString                                0x000002ad   Data           8  exercise09.o(MyConst)
    TabString2                               0x000002b5   Data           4  exercise09.o(MyConst)
    StatusString                             0x000002b9   Data          12  exercise09.o(MyConst)
    .ARM.__at_0x400                          0x00000400   Section       16  start.o(.ARM.__at_0x400)
    MyCode                                   0x00000410   Section     1304  exercise09.o(MyCode)
    UART0_ISR                                0x0000059f   Thumb Code     0  exercise09.o(MyCode)
    .ARM.__at_0x1FFFE000                     0x1fffe000   Section      256  start.o(.ARM.__at_0x1FFFE000)
    MyData                                   0x1fffe100   Section       76  exercise09.o(MyData)
    RxQueue                                  0x1fffe100   Data           4  exercise09.o(MyData)
    RxQueueRecord                            0x1fffe104   Data          18  exercise09.o(MyData)
    TxQueue                                  0x1fffe118   Data           4  exercise09.o(MyData)
    TxQueueRecord                            0x1fffe11c   Data          18  exercise09.o(MyData)
    Queue                                    0x1fffe130   Data           4  exercise09.o(MyData)
    QueueRecord                              0x1fffe134   Data          18  exercise09.o(MyData)

    Global Symbols

    Symbol Name                              Value     Ov Type        Size  Object(Section)

    BuildAttributes$$THM_ISAv3M$S$PE$A:L22$X:L11$S22$IEEE1$IW$USESV6$~STKCKD$USESV7$~SHL$OSPACE$EBA8$STANDARDLIB$EABIv2 0x00000000   Number         0  anon$$obj.o ABSOLUTE
    __Vectors                                0x00000000   Data           0  exercise09.o(RESET)
    __Vectors_End                            0x000000c0   Data           0  exercise09.o(RESET)
    __Vectors_Size                           0x000000c0   Number         0  exercise09.o ABSOLUTE
    Startup                                  0x00000101   Thumb Code     0  start.o(Start)
    Dummy_Handler                            0x000001e1   Thumb Code     0  start.o(Start)
    Reset_Handler                            0x00000411   Thumb Code     0  exercise09.o(MyCode)
    __initial_sp                             0x1fffe100   Data           0  start.o(.ARM.__at_0x1FFFE000)



==============================================================================

Memory Map of the image

  Image Entry point : 0x00000411

  Load Region LR_IROM1 (Base: 0x00000000, Size: 0x00000a74, Max: 0x00040000, ABSOLUTE)

    Execution Region ER_IROM1 (Base: 0x00000000, Size: 0x00000928, Max: 0x00040000, ABSOLUTE)

    Base Addr    Size         Type   Attr      Idx    E Section Name        Object

    0x00000000   0x000000c0   Data   RO            2    RESET               exercise09.o
    0x000000c0   0x00000040   Data   RO           10    .ARM.__at_0xC0      start.o
    0x00000100   0x00000104   Code   RO            9    Start               start.o
    0x00000204   0x000000c4   Data   RO            3    MyConst             exercise09.o
    0x000002c8   0x00000138   PAD
    0x00000400   0x00000010   Code   RO           11    .ARM.__at_0x400     start.o
    0x00000410   0x00000518   Code   RO            1  * MyCode              exercise09.o


    Execution Region RW_IRAM1 (Base: 0x1fffe000, Size: 0x0000014c, Max: 0x00008000, ABSOLUTE)

    Base Addr    Size         Type   Attr      Idx    E Section Name        Object

    0x1fffe000   0x00000100   Data   RW           12    .ARM.__at_0x1FFFE000  start.o
    0x1fffe100   0x0000004c   Data   RW            4    MyData              exercise09.o


==============================================================================

Image component sizes


      Code (inc. data)   RO Data    RW Data    ZI Data      Debug   Object Name

      1304        186        388         76          0        752   exercise09.o
       276         50         64        256          0        476   start.o

    ----------------------------------------------------------------------
      1580        236        764        332          0       1228   Object Totals
         0          0          0          0          0          0   (incl. Generated)
         0          0        312          0          0          0   (incl. Padding)

    ----------------------------------------------------------------------
         0          0          0          0          0          0   Library Totals
         0          0          0          0          0          0   (incl. Padding)

    ----------------------------------------------------------------------

==============================================================================


      Code (inc. data)   RO Data    RW Data    ZI Data      Debug   

      1580        236        764        332          0       1228   Grand Totals
      1580        236        764        332          0       1228   ELF Image Totals
      1580        236        764        332          0          0   ROM Totals

==============================================================================

    Total RO  Size (Code + RO Data)                 2344 (   2.29kB)
    Total RW  Size (RW Data + ZI Data)               332 (   0.32kB)
    Total ROM Size (Code + RO Data + RW Data)       2676 (   2.61kB)

==============================================================================

