Component: ARM Compiler 5.05 update 2 (build 169) Tool: armlink [4d0f33]

==============================================================================

Section Cross References

    exercise02.o(RESET) refers to exercise02.o(.ARM.__at_0x1FFFE000) for __initial_sp
    exercise02.o(RESET) refers to exercise02.o(MyCode) for Reset_Handler


==============================================================================

Removing Unused input sections from the image.

    Removing exercise02.o(MyConst), (0 bytes).
    Removing exercise02.o(MyData), (0 bytes).

2 unused section(s) (total 0 bytes) removed from the image.

==============================================================================

Image Symbol Table

    Local Symbols

    Symbol Name                              Value     Ov Type        Size  Object(Section)

    RESET                                    0x00000000   Section      192  exercise02.o(RESET)
    Exercise02.s                             0x00000000   Number         0  exercise02.o ABSOLUTE
    MyCode                                   0x000000c0   Section       36  exercise02.o(MyCode)
    .ARM.__at_0x1FFFE000                     0x1fffe000   Section      256  exercise02.o(.ARM.__at_0x1FFFE000)

    Global Symbols

    Symbol Name                              Value     Ov Type        Size  Object(Section)

    BuildAttributes$$THM_ISAv3M$S$PE$A:L22$X:L11$S22$IEEE1$IW$USESV6$~STKCKD$USESV7$~SHL$OSPACE$EBA8$STANDARDLIB$PRES8$EABIv2 0x00000000   Number         0  anon$$obj.o ABSOLUTE
    __Vectors                                0x00000000   Data           0  exercise02.o(RESET)
    Reset_Handler                            0x000000c1   Thumb Code     0  exercise02.o(MyCode)
    __Vectors_End                            0x000000c0   Data           0  exercise02.o(RESET)
    __Vectors_Size                           0x000000c0   Number         0  exercise02.o ABSOLUTE
    __initial_sp                             0x1fffe100   Data           0  exercise02.o(.ARM.__at_0x1FFFE000)



==============================================================================

Memory Map of the image

  Image Entry point : 0x000000c1

  Load Region LR_IROM1 (Base: 0x00000000, Size: 0x000001e4, Max: 0x00040000, ABSOLUTE)

    Execution Region ER_IROM1 (Base: 0x00000000, Size: 0x000000e4, Max: 0x00040000, ABSOLUTE)

    Base Addr    Size         Type   Attr      Idx    E Section Name        Object

    0x00000000   0x000000c0   Data   RO            2    RESET               exercise02.o
    0x000000c0   0x00000024   Code   RO            1  * MyCode              exercise02.o


    Execution Region RW_IRAM1 (Base: 0x1fffe000, Size: 0x00000100, Max: 0x00008000, ABSOLUTE)

    Base Addr    Size         Type   Attr      Idx    E Section Name        Object

    0x1fffe000   0x00000100   Data   RW            4    .ARM.__at_0x1FFFE000  exercise02.o


==============================================================================

Image component sizes


      Code (inc. data)   RO Data    RW Data    ZI Data      Debug   Object Name

        36          2        192        256          0        244   exercise02.o

    ----------------------------------------------------------------------
        36          2        192        256          0        244   Object Totals
         0          0          0          0          0          0   (incl. Generated)
         0          0          0          0          0          0   (incl. Padding)

    ----------------------------------------------------------------------
         0          0          0          0          0          0   Library Totals
         0          0          0          0          0          0   (incl. Padding)

    ----------------------------------------------------------------------

==============================================================================


      Code (inc. data)   RO Data    RW Data    ZI Data      Debug   

        36          2        192        256          0        244   Grand Totals
        36          2        192        256          0        244   ELF Image Totals
        36          2        192        256          0          0   ROM Totals

==============================================================================

    Total RO  Size (Code + RO Data)                  228 (   0.22kB)
    Total RW  Size (RW Data + ZI Data)               256 (   0.25kB)
    Total ROM Size (Code + RO Data + RW Data)        484 (   0.47kB)

==============================================================================

